../Core/Src/ili9341.c:49:6:lcdInit	16	static
../Core/Src/ili9341.c:208:6:drawInterface	24	static
../Core/Src/ili9341.c:259:6:drawAlignedText	32	static
../Core/Src/ili9341.c:274:6:drawClearDay	24	static
../Core/Src/ili9341.c:284:6:drawCloudyDay	48	static
../Core/Src/ili9341.c:318:6:drawRainyDay	64	static
../Core/Src/ili9341.c:373:6:drawClock	24	static
../Core/Src/ili9341.c:399:5:getTextWidth	24	static
../Core/Src/ili9341.c:407:6:lcdFillRGB	24	static
../Core/Src/ili9341.c:426:6:lcdDrawPixel	16	static
../Core/Src/ili9341.c:436:6:lcdDrawHLine	32	static
../Core/Src/ili9341.c:465:6:lcdDrawVLine	32	static
../Core/Src/ili9341.c:506:6:lcdDrawLine	48	static
../Core/Src/ili9341.c:569:6:lcdDrawRect	24	static
../Core/Src/ili9341.c:589:6:lcdDrawRoundRect	32	static
../Core/Src/ili9341.c:615:6:lcdDrawCircleHelper	40	static
../Core/Src/ili9341.c:667:6:lcdDrawCircle	40	static
../Core/Src/ili9341.c:715:6:lcdDrawTriangle	32	static
../Core/Src/ili9341.c:732:6:lcdFillCircle	32	static
../Core/Src/ili9341.c:750:6:lcdFillCircleHelper	40	static
../Core/Src/ili9341.c:794:6:lcdFillRect	32	static
../Core/Src/ili9341.c:819:6:lcdFillRoundRect	32	static
../Core/Src/ili9341.c:842:6:lcdFillTriangle	72	static
../Core/Src/ili9341.c:925:6:lcdDrawImage	24	static
../Core/Src/ili9341.c:937:6:lcdHome	8	static
../Core/Src/ili9341.c:956:6:lcdDrawChar	32	static
../Core/Src/ili9341.c:995:6:lcdDrawCharNoBackColor	32	static
../Core/Src/ili9341.c:1038:6:lcdPrintf	32	static
../Core/Src/ili9341.c:1083:6:lcdPrintfNoBackColor	16	static
../Core/Src/ili9341.c:1135:6:lcdSetTextFont	16	static
../Core/Src/ili9341.c:1148:6:lcdSetTextColor	16	static
../Core/Src/ili9341.c:1161:6:lcdSetTextWrap	16	static
../Core/Src/ili9341.c:1166:6:lcdSetOrientation	16	static
../Core/Src/ili9341.c:1201:6:lcdSetCursor	16	static
../Core/Src/ili9341.c:1218:6:lcdSetWindow	24	static
../Core/Src/ili9341.c:1233:6:lcdBacklightOff	8	static
../Core/Src/ili9341.c:1238:6:lcdBacklightOn	8	static
../Core/Src/ili9341.c:1243:6:lcdInversionOff	8	static
../Core/Src/ili9341.c:1248:6:lcdInversionOn	8	static
../Core/Src/ili9341.c:1253:6:lcdDisplayOff	8	static
../Core/Src/ili9341.c:1259:6:lcdDisplayOn	8	static
../Core/Src/ili9341.c:1265:6:lcdTearingOff	8	static
../Core/Src/ili9341.c:1270:6:lcdTearingOn	16	static
../Core/Src/ili9341.c:1276:10:lcdGetWidth	4	static
../Core/Src/ili9341.c:1281:10:lcdGetHeight	4	static
../Core/Src/ili9341.c:1286:10:lcdGetControllerID	16	static
../Core/Src/ili9341.c:1297:23:lcdGetOrientation	4	static
../Core/Src/ili9341.c:1302:8:lcdGetTextFont	4	static
../Core/Src/ili9341.c:1307:22:lcdGetProperties	16	static
../Core/Src/ili9341.c:1320:10:lcdReadPixel	24	static
../Core/Src/ili9341.c:1344:10:lcdColor565	16	static
../Core/Src/ili9341.c:1351:13:lcdDrawPixels	32	static
../Core/Src/ili9341.c:1364:13:lcdReset	8	static
../Core/Src/ili9341.c:1371:13:lcdWriteCommand	16	static
../Core/Src/ili9341.c:1377:13:lcdWriteData	16	static
../Core/Src/ili9341.c:1382:23:lcdReadData	4	static
../Core/Src/ili9341.c:1387:22:lcdBuildMemoryAccessControlConfig	24	static
