../Core/Src/main.c:123:5:main	8	static
../Core/Src/main.c:191:6:SystemClock_Config	88	static
../Core/Src/main.c:237:13:MX_SPI2_Init	8	static
../Core/Src/main.c:275:13:MX_USART1_UART_Init	8	static
../Core/Src/main.c:308:13:MX_GPIO_Init	56	static
../Core/Src/main.c:357:13:MX_FSMC_Init	40	static
../Core/Src/main.c:410:6:drawMenuIcon	16	static
../Core/Src/main.c:418:6:drawMenu	16	static
../Core/Src/main.c:446:6:drawBufferScreen	16	static
../Core/Src/main.c:455:6:checkCoordinates	8	static
../Core/Src/main.c:493:6:drawWeather	16	static
../Core/Src/main.c:521:6:drawInterface	24	static
../Core/Src/main.c:586:6:demo	8	static
../Core/Src/main.c:625:6:reformatDate	24	static
../Core/Src/main.c:641:6:sendAPIURL	24	static
../Core/Src/main.c:666:6:HAL_UART_RxCpltCallback	16	static
../Core/Src/main.c:693:6:processWeatherData	72	static
../Core/Src/main.c:756:6:HAL_GPIO_EXTI_Callback	16	static
../Core/Src/main.c:772:6:resetBuffer	16	static
../Core/Src/main.c:785:6:Error_Handler	4	static,ignoring_inline_asm
