../Core/Src/main.c:73:6:sendAPIURL	16	static
../Core/Src/main.c:80:6:HAL_UART_RxCpltCallback	16	static
../Core/Src/main.c:89:6:parseJson	32	static
../Core/Src/main.c:108:5:main	16	static
../Core/Src/main.c:168:6:SystemClock_Config	88	static
../Core/Src/main.c:214:13:MX_USART3_UART_Init	8	static
../Core/Src/main.c:247:13:MX_GPIO_Init	48	static
../Core/Src/main.c:275:13:MX_FSMC_Init	40	static
../Core/Src/main.c:328:6:demoLCD	16	static
../Core/Src/main.c:339:6:Error_Handler	4	static,ignoring_inline_asm
